// Jest Snapshot v1, https://goo.gl/fbAQLP

exports[`<Loader /> Should render 1`] = `
<body>
  <div>
    <div
      class="loader undefined"
    >
      <div />
      <div />
    </div>
  </div>
</body>
`;
